// Jest Snapshot v1, https://goo.gl/fbAQLP

exports[`Saved Page renders correctly 1`] = `
<View
  style={
    {
      "backgroundColor": "#FFF5FA",
      "flex": 1,
      "justifyContent": "flex-start",
    }
  }
>
  <View
    style={
      {
        "alignItems": "center",
        "backgroundColor": "#FFF",
        "borderBottomColor": "#DDD",
        "borderBottomWidth": 1,
        "flexDirection": "row",
        "justifyContent": "space-around",
      }
    }
  >
    <View
      accessibilityState={
        {
          "busy": undefined,
          "checked": undefined,
          "disabled": undefined,
          "expanded": undefined,
          "selected": undefined,
        }
      }
      accessibilityValue={
        {
          "max": undefined,
          "min": undefined,
          "now": undefined,
          "text": undefined,
        }
      }
      accessible={true}
      collapsable={false}
      focusable={true}
      onClick={[Function]}
      onResponderGrant={[Function]}
      onResponderMove={[Function]}
      onResponderRelease={[Function]}
      onResponderTerminate={[Function]}
      onResponderTerminationRequest={[Function]}
      onStartShouldSetResponder={[Function]}
      style={
        {
          "borderBottomColor": "#2C0080",
          "borderBottomWidth": 2,
          "flex": 1,
          "opacity": 1,
          "paddingVertical": 15,
        }
      }
    >
      <Text
        style={
          {
            "color": "#666",
            "fontSize": 16,
            "fontWeight": "bold",
            "textAlign": "center",
          }
        }
      >
        Saved Menus
      </Text>
    </View>
    <View
      accessibilityState={
        {
          "busy": undefined,
          "checked": undefined,
          "disabled": undefined,
          "expanded": undefined,
          "selected": undefined,
        }
      }
      accessibilityValue={
        {
          "max": undefined,
          "min": undefined,
          "now": undefined,
          "text": undefined,
        }
      }
      accessible={true}
      collapsable={false}
      focusable={true}
      onClick={[Function]}
      onResponderGrant={[Function]}
      onResponderMove={[Function]}
      onResponderRelease={[Function]}
      onResponderTerminate={[Function]}
      onResponderTerminationRequest={[Function]}
      onStartShouldSetResponder={[Function]}
      style={
        {
          "flex": 1,
          "opacity": 1,
          "paddingVertical": 15,
        }
      }
    >
      <Text
        style={
          {
            "color": "#666",
            "fontSize": 16,
            "fontWeight": "bold",
            "textAlign": "center",
          }
        }
      >
        Saved Profiles
      </Text>
    </View>
  </View>
  <RCTScrollView
    style={
      {
        "flex": 1,
        "paddingTop": 20,
      }
    }
    testID="saved-menus-tab-indicator"
  >
    <View>
      <View
        style={
          {
            "alignItems": "center",
            "flex": 1,
            "justifyContent": "center",
            "paddingVertical": 20,
          }
        }
      >
        <Text
          style={
            {
              "color": "#666",
              "fontSize": 16,
            }
          }
        >
          User has not saved any menu items.
        </Text>
      </View>
    </View>
  </RCTScrollView>
</View>
`;
